This is a test from try_file_open.